#-----------------------------------------------------------
# Vivado v2020.2 (64-bit)
# SW Build 3064766 on Wed Nov 18 09:12:45 MST 2020
# IP Build 3064653 on Wed Nov 18 14:17:31 MST 2020
# Start of session at: Mon Apr  3 15:55:06 2023
# Process ID: 26904
# Current directory: C:/Users/mauro/Documents/Github/LAB2_DESD/Progetto/jstk2_interface_template.xpr/jstk2_interface
# Command line: vivado.exe -gui_launcher_event rodinguilauncherevent25392 C:\Users\mauro\Documents\Github\LAB2_DESD\Progetto\jstk2_interface_template.xpr\jstk2_interface\jstk2_interface.xpr
# Log file: C:/Users/mauro/Documents/Github/LAB2_DESD/Progetto/jstk2_interface_template.xpr/jstk2_interface/vivado.log
# Journal file: C:/Users/mauro/Documents/Github/LAB2_DESD/Progetto/jstk2_interface_template.xpr/jstk2_interface\vivado.jou
#-----------------------------------------------------------
start_gui
open_project C:/Users/mauro/Documents/Github/LAB2_DESD/Progetto/jstk2_interface_template.xpr/jstk2_interface/jstk2_interface.xpr
update_compile_order -fileset sources_1
archive_project C:/Users/mauro/Desktop/jstk2_interface.xpr.zip -temp_dir C:/Users/mauro/Documents/Github/LAB2_DESD/Progetto/jstk2_interface_template.xpr/jstk2_interface/.Xil/Vivado-26904-LAPTOP-DUQD03P4 -force -include_local_ip_cache -include_config_settings
