Copyright 1986-2020 Xilinx, Inc. All Rights Reserved.
---------------------------------------------------------------------------------------------
| Tool Version : Vivado v.2020.2 (win64) Build 3064766 Wed Nov 18 09:12:45 MST 2020
| Date         : Mon Apr  3 14:55:14 2023
| Host         : LAPTOP-DUQD03P4 running 64-bit major release  (build 9200)
| Command      : report_control_sets -verbose -file design_1_wrapper_control_sets_placed.rpt
| Design       : design_1_wrapper
| Device       : xc7a35t
---------------------------------------------------------------------------------------------

Control Set Information

Table of Contents
-----------------
1. Summary
2. Histogram
3. Flip-Flop Distribution
4. Detailed Control Set Information

1. Summary
----------

+----------------------------------------------------------+-------+
|                          Status                          | Count |
+----------------------------------------------------------+-------+
| Total control sets                                       |    36 |
|    Minimum number of control sets                        |    36 |
|    Addition due to synthesis replication                 |     0 |
|    Addition due to physical synthesis replication        |     0 |
| Unused register locations in slices containing registers |    82 |
+----------------------------------------------------------+-------+
* Control sets can be merged at opt_design using control_set_merge or merge_equivalent_drivers
** Run report_qor_suggestions for automated merging and remapping suggestions


2. Histogram
------------

+--------------------+-------+
|       Fanout       | Count |
+--------------------+-------+
| Total control sets |    36 |
| >= 0 to < 4        |     0 |
| >= 4 to < 6        |     5 |
| >= 6 to < 8        |     6 |
| >= 8 to < 10       |     9 |
| >= 10 to < 12      |     2 |
| >= 12 to < 14      |     3 |
| >= 14 to < 16      |     3 |
| >= 16              |     8 |
+--------------------+-------+
* Control sets can be remapped at either synth_design or opt_design


3. Flip-Flop Distribution
-------------------------

+--------------+-----------------------+------------------------+-----------------+--------------+
| Clock Enable | Synchronous Set/Reset | Asynchronous Set/Reset | Total Registers | Total Slices |
+--------------+-----------------------+------------------------+-----------------+--------------+
| No           | No                    | No                     |             201 |           54 |
| No           | No                    | Yes                    |              18 |            7 |
| No           | Yes                   | No                     |             114 |           48 |
| Yes          | No                    | No                     |              59 |           12 |
| Yes          | No                    | Yes                    |              76 |           21 |
| Yes          | Yes                   | No                     |             170 |           46 |
+--------------+-----------------------+------------------------+-----------------+--------------+


4. Detailed Control Set Information
-----------------------------------

+-------------------------------------+----------------------------------------------------------------------------------------------------------+------------------------------------------------------------------------------------------------------------------------------------------------------+------------------+----------------+--------------+
|             Clock Signal            |                                               Enable Signal                                              |                                                                   Set/Reset Signal                                                                   | Slice Load Count | Bel Load Count | Bels / Slice |
+-------------------------------------+----------------------------------------------------------------------------------------------------------+------------------------------------------------------------------------------------------------------------------------------------------------------+------------------+----------------+--------------+
|  design_1_i/clk_wiz_0/inst/clk_out1 |                                                                                                          | design_1_i/AXI4Stream_UART_0/U0/FIFO_DATA_RX/gnuram_async_fifo.xpm_fifo_base_inst/xpm_fifo_rst_inst/FSM_onehot_gen_rst_ic.curr_wrst_state[4]_i_1_n_0 |                2 |              4 |         2.00 |
|  design_1_i/clk_wiz_0/inst/clk_out1 |                                                                                                          | design_1_i/AXI4Stream_UART_0/U0/FIFO_DATA_TX/gnuram_async_fifo.xpm_fifo_base_inst/xpm_fifo_rst_inst/FSM_onehot_gen_rst_ic.curr_wrst_state[4]_i_1_n_0 |                2 |              4 |         2.00 |
|  design_1_i/clk_wiz_0/inst/clk_out1 | design_1_i/axi4stream_spi_master_0/U0/inst_axis_lw_spi_master/inst_lw_spi_master/cntr[3]_i_2_n_0         | design_1_i/axi4stream_spi_master_0/U0/inst_axis_lw_spi_master/inst_lw_spi_master/cntr[3]_i_1_n_0                                                     |                2 |              4 |         2.00 |
|  design_1_i/clk_wiz_0/inst/clk_out1 | design_1_i/AXI4Stream_UART_0/U0/UART_Manager_inst/Inst_uart/rx_baud_tick__0                              |                                                                                                                                                      |                1 |              4 |         4.00 |
|  design_1_i/clk_wiz_0/inst/clk_out1 |                                                                                                          | design_1_i/proc_sys_reset_0/U0/EXT_LPF/lpf_int                                                                                                       |                2 |              4 |         2.00 |
|  design_1_i/clk_wiz_0/inst/clk_out1 | design_1_i/digilent_jstk2_0/U0/precedent_state_cmd[2]_i_1_n_0                                            | design_1_i/digilent_jstk2_0/U0/m_axis_tvalid_int_i_2_n_0                                                                                             |                2 |              6 |         3.00 |
|  design_1_i/clk_wiz_0/inst/clk_out1 | design_1_i/digilent_jstk2_0/U0/m_axis_tdata0                                                             | design_1_i/digilent_jstk2_0/U0/m_axis_tdata[6]_i_1_n_0                                                                                               |                2 |              6 |         3.00 |
|  design_1_i/clk_wiz_0/inst/clk_out1 | design_1_i/proc_sys_reset_0/U0/SEQ/seq_cnt_en                                                            | design_1_i/proc_sys_reset_0/U0/SEQ/SEQ_COUNTER/clear                                                                                                 |                1 |              6 |         6.00 |
|  design_1_i/clk_wiz_0/inst/clk_out1 |                                                                                                          | design_1_i/jstk_uart_bridge_0/U0/m_axis_tvalid_int_i_3_n_0                                                                                           |                2 |              6 |         3.00 |
|  design_1_i/clk_wiz_0/inst/clk_out1 |                                                                                                          | design_1_i/digilent_jstk2_0/U0/m_axis_tvalid_int_i_2_n_0                                                                                             |                2 |              7 |         3.50 |
|  design_1_i/clk_wiz_0/inst/clk_out1 | design_1_i/axi4stream_spi_master_0/U0/inst_axis_lw_spi_master/inst_lw_spi_master/write_reg[7]_i_1_n_0    |                                                                                                                                                      |                1 |              7 |         7.00 |
|  design_1_i/clk_wiz_0/inst/clk_out1 | design_1_i/AXI4Stream_UART_0/U0/UART_Manager_inst/Inst_uart/E[0]                                         | design_1_i/proc_sys_reset_0/U0/peripheral_reset[0]                                                                                                   |                2 |              8 |         4.00 |
|  design_1_i/clk_wiz_0/inst/clk_out1 | design_1_i/axi4stream_spi_master_0/U0/inst_axis_lw_spi_master/inst_lw_spi_master/miso_data_o[7]_i_1_n_0  |                                                                                                                                                      |                2 |              8 |         4.00 |
|  design_1_i/clk_wiz_0/inst/clk_out1 | design_1_i/axi4stream_spi_master_0/U0/inst_axis_lw_spi_master/inst_lw_spi_master/read_reg[7]_i_2_n_0     | design_1_i/axi4stream_spi_master_0/U0/inst_axis_lw_spi_master/inst_lw_spi_master/read_reg[7]_i_1_n_0                                                 |                3 |              8 |         2.67 |
|  design_1_i/clk_wiz_0/inst/clk_out1 | design_1_i/jstk_uart_bridge_0/U0/led_g0                                                                  |                                                                                                                                                      |                1 |              8 |         8.00 |
|  design_1_i/clk_wiz_0/inst/clk_out1 | design_1_i/jstk_uart_bridge_0/U0/m_axis_tdata_int0                                                       |                                                                                                                                                      |                2 |              8 |         4.00 |
|  design_1_i/clk_wiz_0/inst/clk_out1 | design_1_i/jstk_uart_bridge_0/U0/led_r0                                                                  |                                                                                                                                                      |                2 |              8 |         4.00 |
|  design_1_i/clk_wiz_0/inst/clk_out1 | design_1_i/digilent_jstk2_0/U0/sig_jstk_y[0]_i_1_n_0                                                     |                                                                                                                                                      |                1 |              8 |         8.00 |
|  design_1_i/clk_wiz_0/inst/clk_out1 | design_1_i/digilent_jstk2_0/U0/sig_jstk_x[0]_i_1_n_0                                                     |                                                                                                                                                      |                2 |              8 |         4.00 |
|  design_1_i/clk_wiz_0/inst/clk_out1 | design_1_i/AXI4Stream_UART_0/U0/UART_Manager_inst/data_stream_in[7]_i_1_n_0                              | design_1_i/proc_sys_reset_0/U0/peripheral_reset[0]                                                                                                   |                2 |              8 |         4.00 |
|  design_1_i/clk_wiz_0/inst/clk_out1 | design_1_i/AXI4Stream_UART_0/U0/UART_Manager_inst/Inst_uart/uart_tx_count[2]_i_1_n_0                     | design_1_i/proc_sys_reset_0/U0/peripheral_reset[0]                                                                                                   |                3 |             10 |         3.33 |
|  design_1_i/clk_wiz_0/inst/clk_out1 | design_1_i/AXI4Stream_UART_0/U0/UART_Manager_inst/Inst_uart/uart_rx_data_vec                             | design_1_i/proc_sys_reset_0/U0/peripheral_reset[0]                                                                                                   |                2 |             11 |         5.50 |
|  design_1_i/clk_wiz_0/inst/clk_out1 |                                                                                                          | design_1_i/AXI4Stream_UART_0/U0/FIFO_DATA_RX/gnuram_async_fifo.xpm_fifo_base_inst/xpm_fifo_rst_inst/wrst_busy                                        |                6 |             12 |         2.00 |
|  design_1_i/clk_wiz_0/inst/clk_out1 |                                                                                                          | design_1_i/AXI4Stream_UART_0/U0/FIFO_DATA_TX/gnuram_async_fifo.xpm_fifo_base_inst/xpm_fifo_rst_inst/wrst_busy                                        |                5 |             12 |         2.40 |
|  design_1_i/clk_wiz_0/inst/clk_out1 | design_1_i/digilent_jstk2_0/U0/DELAY_COUNTER[0]_i_1_n_0                                                  | design_1_i/digilent_jstk2_0/U0/m_axis_tvalid_int_i_2_n_0                                                                                             |                4 |             13 |         3.25 |
|  design_1_i/clk_wiz_0/inst/clk_out1 |                                                                                                          | design_1_i/AXI4Stream_UART_0/U0/FIFO_DATA_RX/gnuram_async_fifo.xpm_fifo_base_inst/xpm_fifo_rst_inst/gen_rst_ic.fifo_rd_rst_ic_reg_0                  |                8 |             15 |         1.88 |
|  design_1_i/clk_wiz_0/inst/clk_out1 |                                                                                                          | design_1_i/AXI4Stream_UART_0/U0/FIFO_DATA_TX/gnuram_async_fifo.xpm_fifo_base_inst/xpm_fifo_rst_inst/gen_rst_ic.fifo_rd_rst_ic_reg_0                  |                6 |             15 |         2.50 |
|  design_1_i/clk_wiz_0/inst/clk_out1 |                                                                                                          | design_1_i/axi4stream_spi_master_0/U0/inst_axis_lw_spi_master/inst_lw_spi_master/edgecntr[13]_i_1_n_0                                                |                3 |             15 |         5.00 |
|  design_1_i/clk_wiz_0/inst/clk_out1 | design_1_i/jstk_uart_bridge_0/U0/delay_counter_rx__0                                                     | design_1_i/jstk_uart_bridge_0/U0/m_axis_tvalid_int_i_3_n_0                                                                                           |                5 |             20 |         4.00 |
|  design_1_i/clk_wiz_0/inst/clk_out1 | design_1_i/jstk_uart_bridge_0/U0/m_axis_tvalid_int                                                       | design_1_i/jstk_uart_bridge_0/U0/m_axis_tvalid_int_i_3_n_0                                                                                           |                6 |             21 |         3.50 |
|  design_1_i/clk_wiz_0/inst/clk_out1 | design_1_i/AXI4Stream_UART_0/U0/FIFO_DATA_RX/gnuram_async_fifo.xpm_fifo_base_inst/rdp_inst/E[0]          | design_1_i/AXI4Stream_UART_0/U0/FIFO_DATA_RX/gnuram_async_fifo.xpm_fifo_base_inst/xpm_fifo_rst_inst/gen_rst_ic.fifo_rd_rst_ic_reg_0                  |                6 |             23 |         3.83 |
|  design_1_i/clk_wiz_0/inst/clk_out1 | design_1_i/AXI4Stream_UART_0/U0/FIFO_DATA_TX/gnuram_async_fifo.xpm_fifo_base_inst/rdp_inst/E[0]          | design_1_i/AXI4Stream_UART_0/U0/FIFO_DATA_TX/gnuram_async_fifo.xpm_fifo_base_inst/xpm_fifo_rst_inst/gen_rst_ic.fifo_rd_rst_ic_reg_0                  |                6 |             23 |         3.83 |
|  design_1_i/clk_wiz_0/inst/clk_out1 | design_1_i/AXI4Stream_UART_0/U0/FIFO_DATA_RX/gnuram_async_fifo.xpm_fifo_base_inst/xpm_fifo_rst_inst/E[0] | design_1_i/AXI4Stream_UART_0/U0/FIFO_DATA_RX/gnuram_async_fifo.xpm_fifo_base_inst/xpm_fifo_rst_inst/wrst_busy                                        |                9 |             34 |         3.78 |
|  design_1_i/clk_wiz_0/inst/clk_out1 |                                                                                                          | design_1_i/proc_sys_reset_0/U0/peripheral_reset[0]                                                                                                   |               17 |             38 |         2.24 |
|  design_1_i/clk_wiz_0/inst/clk_out1 | design_1_i/AXI4Stream_UART_0/U0/FIFO_DATA_TX/gnuram_async_fifo.xpm_fifo_base_inst/xpm_fifo_rst_inst/E[0] | design_1_i/AXI4Stream_UART_0/U0/FIFO_DATA_TX/gnuram_async_fifo.xpm_fifo_base_inst/xpm_fifo_rst_inst/wrst_busy                                        |               12 |             45 |         3.75 |
|  design_1_i/clk_wiz_0/inst/clk_out1 |                                                                                                          |                                                                                                                                                      |               55 |            202 |         3.67 |
+-------------------------------------+----------------------------------------------------------------------------------------------------------+------------------------------------------------------------------------------------------------------------------------------------------------------+------------------+----------------+--------------+


